
> react-kavia@0.1.0 start
> react-scripts start

(node:65050) [DEP_WEBPACK_DEV_SERVER_ON_AFTER_SETUP_MIDDLEWARE] DeprecationWarning: 'onAfterSetupMiddleware' option is deprecated. Please use the 'setupMiddlewares' option.
(Use `node --trace-deprecation ...` to show where the warning was created)
(node:65050) [DEP_WEBPACK_DEV_SERVER_ON_BEFORE_SETUP_MIDDLEWARE] DeprecationWarning: 'onBeforeSetupMiddleware' option is deprecated. Please use the 'setupMiddlewares' option.
Starting the development server...

Compiled with warnings.

[eslint] 
src/App.js
  Line 1:27:  'useEffect' is defined but never used  no-unused-vars

Search for the keywords to learn more about each warning.
To ignore, add // eslint-disable-next-line to the line before.

WARNING in [eslint] 
src/App.js
  Line 1:27:  'useEffect' is defined but never used  no-unused-vars

webpack compiled with 1 warning
Compiling...
Compiled successfully!
webpack compiled successfully
Compiling...
Failed to compile.

Module not found: Error: Can't resolve 'react-leaflet' in '/home/kavia/workspace/code-generation/travelsmart-hub-38-0b9c91ff/travel_smart_hub/src'
WARNING in [eslint] 
src/App.js
  Line 1:38:  'useRef' is defined but never used  no-unused-vars
  Line 3:60:  'useMap' is defined but never used  no-unused-vars

ERROR in ./src/App.js 12:0-89
Module not found: Error: Can't resolve 'react-leaflet' in '/home/kavia/workspace/code-generation/travelsmart-hub-38-0b9c91ff/travel_smart_hub/src'

ERROR in ./src/App.js 13:0-34
Module not found: Error: Can't resolve 'leaflet/dist/leaflet.css' in '/home/kavia/workspace/code-generation/travelsmart-hub-38-0b9c91ff/travel_smart_hub/src'

webpack compiled with 2 errors and 1 warning
Compiling...
Compiled with warnings.

[eslint] 
src/App.js
  Line 1:27:  'useEffect' is defined but never used  no-unused-vars

Search for the keywords to learn more about each warning.
To ignore, add // eslint-disable-next-line to the line before.

WARNING in [eslint] 
src/App.js
  Line 1:27:  'useEffect' is defined but never used  no-unused-vars

webpack compiled with 1 warning
Compiling...
Compiled with warnings.

[eslint] 
src/App.js
  Line 1:27:  'useEffect' is defined but never used  no-unused-vars

Search for the keywords to learn more about each warning.
To ignore, add // eslint-disable-next-line to the line before.

WARNING in [eslint] 
src/App.js
  Line 1:27:  'useEffect' is defined but never used  no-unused-vars

webpack compiled with 1 warning
